stm32g4xx_it.c:70:6:NMI_Handler	4	static
stm32g4xx_it.c:83:6:HardFault_Handler	16	static,ignoring_inline_asm
stm32g4xx_it.c:102:6:MemManage_Handler	16	static,ignoring_inline_asm
stm32g4xx_it.c:121:6:BusFault_Handler	16	static,ignoring_inline_asm
stm32g4xx_it.c:140:6:UsageFault_Handler	16	static,ignoring_inline_asm
stm32g4xx_it.c:158:6:SVC_Handler	4	static
stm32g4xx_it.c:171:6:DebugMon_Handler	4	static
stm32g4xx_it.c:184:6:PendSV_Handler	4	static
stm32g4xx_it.c:197:6:SysTick_Handler	8	static
stm32g4xx_it.c:218:6:EXTI15_10_IRQHandler	8	static
