stm32g4xx_it.c:70:6:NMI_Handler	4	static
stm32g4xx_it.c:83:6:HardFault_Handler	16	static,ignoring_inline_asm
stm32g4xx_it.c:102:6:MemManage_Handler	4	static
stm32g4xx_it.c:117:6:BusFault_Handler	4	static
stm32g4xx_it.c:132:6:UsageFault_Handler	4	static
stm32g4xx_it.c:147:6:SVC_Handler	4	static
stm32g4xx_it.c:160:6:DebugMon_Handler	4	static
stm32g4xx_it.c:173:6:PendSV_Handler	4	static
stm32g4xx_it.c:186:6:SysTick_Handler	8	static
stm32g4xx_it.c:207:6:FLASH_IRQHandler	8	static
stm32g4xx_it.c:221:6:EXTI15_10_IRQHandler	8	static
